// Jest Snapshot v1, https://goo.gl/fbAQLP

exports[`<Test /> should render 1`] = `"<div class=\\"test\\">123</div>"`;
